=== FLOW train+eval start 2026. 08. 12. (수) 21:49:57 KST ===
/home/eunseop/nrs_imitation/scripts/flow/flow_train_core.py:806: FutureWarning: You are using `torch.load` with `weights_only=False` (the current default value), which uses the default pickle module implicitly. It is possible to construct malicious pickle data which will execute arbitrary code during unpickling (See https://github.com/pytorch/pytorch/blob/main/SECURITY.md#untrusted-models for more details). In a future release, the default value for `weights_only` will be flipped to `True`. This limits the functions that could be executed during unpickling. Arbitrary objects will no longer be allowed to be loaded via this mode unless they are explicitly allowlisted by the user via `torch.serialization.add_safe_globals`. We recommend you start setting `weights_only=True` for any use case where you don't have full control of the loaded file. Please open an issue on GitHub for any issues related to this experimental feature.
  ckpt = torch.load(best_ckpt, map_location=device)

================================================================================
[RUN] obs_mode=single_cam
[INFO] device             = cuda
[INFO] dataset_dir        = datasets/polishing/single_cam/20260812_0502/imitation_form
[INFO] num_episodes       = 47
[INFO] camera_names       = ['cam0']
[INFO] policy_obs         = cam0 RGB only
[INFO] marker_dim         = 14
[INFO] norm_mode          = minmax_m11
[INFO] image_backbone     = dinov3, pretrained=True, frozen=True
[INFO] dino               = model=vit_small_patch16_dinov3.lvd1689m, roi_pooling=attention, checkpoint=timm
[INFO] batch_size         = 12
[INFO] chunk_size         = 128
[INFO] dataset_hz         = 30.0
[INFO] chunk_sec          = 4.27 -> L=128
[INFO] force_history      = True, sec=1.0, L=30
[INFO] tcp_roi            = enabled=True, ref=424x240, center=(253,120), area_fraction=0.2500
[EVAL] ckpt_dir=/home/eunseop/nrs_imitation/checkpoints/flow/polishing/single_cam/20260809_1638
[EVAL] load_state_dict: missing=0, unexpected=0
[EVAL] stats loaded: obs_mode=single_cam, camera_names=['cam0']

✅ FLOW model ready for inference wrapper.

=== FLOW train+eval end 2026. 08. 12. (수) 21:49:59 KST, exit=0 ===
=== BSPLINE train+eval start 2026. 08. 12. (수) 21:49:59 KST ===
/home/eunseop/nrs_imitation/scripts/bspline/bspline_train_core.py:407: FutureWarning: You are using `torch.load` with `weights_only=False` (the current default value), which uses the default pickle module implicitly. It is possible to construct malicious pickle data which will execute arbitrary code during unpickling (See https://github.com/pytorch/pytorch/blob/main/SECURITY.md#untrusted-models for more details). In a future release, the default value for `weights_only` will be flipped to `True`. This limits the functions that could be executed during unpickling. Arbitrary objects will no longer be allowed to be loaded via this mode unless they are explicitly allowlisted by the user via `torch.serialization.add_safe_globals`. We recommend you start setting `weights_only=True` for any use case where you don't have full control of the loaded file. Please open an issue on GitHub for any issues related to this experimental feature.
  ckpt = torch.load(best_ckpt, map_location=device)

================================================================================
[RUN] policy=BSPLINE obs_mode=single_cam
[INFO] device             = cuda
[INFO] dataset_dir        = datasets/polishing/single_cam/20260812_0502/imitation_form
[INFO] num_episodes       = 47
[INFO] camera_names       = ['cam0']
[INFO] marker_dim         = 14
[INFO] norm_mode          = minmax_m11
[INFO] image_backbone     = dinov3, pretrained=True, frozen=True
[INFO] dino               = model=vit_small_patch16_dinov3.lvd1689m, roi_pooling=attention, checkpoint=timm
[INFO] batch_size         = 12
[INFO] chunk_size         = 128
[INFO] dataset_hz         = 30.0
[INFO] chunk_sec          = 4.27 -> L=128
[INFO] force_history      = True, sec=1.0, L=30
[INFO] tcp_roi            = enabled=True, ref=424x240, center=(253,120), area_fraction=0.2500
[INFO] bspline            = control_points=16, degree=3, hidden_dim=256, loss_type=mse
[EVAL] ckpt_dir=/home/eunseop/nrs_imitation/checkpoints/bspline/polishing/single_cam/20260809_2323
[EVAL] load_state_dict: missing=0, unexpected=0
[EVAL] stats loaded: obs_mode=single_cam, camera_names=['cam0']

✅ B-spline model ready for inference wrapper.

=== BSPLINE train+eval end 2026. 08. 12. (수) 21:50:01 KST, exit=0 ===
